python : 2025-12-11 23:37:25,662 INFO provider_orchestrator - No 
provider configured at slot 1
At line:1 char:1
+ python Backend/backend_app/chatbot/tests/test_flow_integration.py > t 
...
+ ~~~~~~~~~~~~~~~~~~~~~~~~~~~~~~~~~~~~~~~~~~~~~~~~~~~~~~~~~~~~~~~~~~~~~
    + CategoryInfo          : NotSpecified: (2025-12-11 23:3...gured at  
   slot 1:String) [], RemoteException
    + FullyQualifiedErrorId : NativeCommandError
 
2025-12-11 23:37:25,662 INFO provider_orchestrator - No provider 
configured at slot 2
2025-12-11 23:37:25,662 INFO provider_orchestrator - No provider 
configured at slot 3
2025-12-11 23:37:25,662 INFO provider_orchestrator - No provider 
configured at slot 4
2025-12-11 23:37:25,663 INFO provider_orchestrator - No provider 
configured at slot 5
--- Starting Chatbot Flow Integration Test ---
Engine Initialized.

[User]: Hi

[User]: (Click) choose_candidate
[Bot]: Sorry, I didn't get that. Could you please select one of the options below?

[User]: (Click) upload_resume

[User]: (Upload) resume.pdf
